\BOOKMARK [0][-]{init.0}{\376\377\000F\000r\000o\000n\000t\000\040\000P\000a\000g\000e}{}% 1
\BOOKMARK [0][-]{contents.0}{\376\377\000T\000a\000b\000l\000e\000\040\000o\000f\000\040\000C\000o\000n\000t\000e\000n\000t\000s}{}% 2
\BOOKMARK [0][-]{figures.0}{\376\377\000L\000i\000s\000t\000\040\000o\000f\000\040\000F\000i\000g\000u\000r\000e\000s}{}% 3
\BOOKMARK [0][-]{tables.0}{\376\377\000L\000i\000s\000t\000\040\000o\000f\000\040\000T\000a\000b\000l\000e\000s}{}% 4
\BOOKMARK [0][-]{chapter.1}{\376\377\0001\000\040\000I\000n\000t\000r\000o\000d\000u\000c\000t\000i\000o\000n}{}% 5
\BOOKMARK [1][-]{section.1.1}{\376\377\0001\000.\0001\000\040\000C\000o\000n\000t\000e\000x\000t}{chapter.1}% 6
\BOOKMARK [1][-]{section.1.2}{\376\377\0001\000.\0002\000\040\000A\000I\000\040\000i\000n\000\040\000I\000n\000d\000u\000s\000t\000r\000y\000\040\0004\000.\0000}{chapter.1}% 7
\BOOKMARK [1][-]{section.1.3}{\376\377\0001\000.\0003\000\040\000M\000o\000t\000i\000v\000a\000t\000i\000o\000n}{chapter.1}% 8
\BOOKMARK [1][-]{section.1.4}{\376\377\0001\000.\0004\000\040\000O\000b\000j\000e\000c\000t\000i\000v\000e\000s}{chapter.1}% 9
\BOOKMARK [1][-]{section.1.5}{\376\377\0001\000.\0005\000\040\000C\000o\000m\000p\000a\000n\000y\000\040\000P\000r\000e\000s\000e\000n\000t\000a\000t\000i\000o\000n}{chapter.1}% 10
\BOOKMARK [1][-]{section.1.6}{\376\377\0001\000.\0006\000\040\000T\000h\000e\000s\000i\000s\000\040\000S\000t\000r\000u\000c\000t\000u\000r\000e}{chapter.1}% 11
\BOOKMARK [0][-]{chapter.2}{\376\377\0002\000\040\000B\000a\000c\000k\000g\000r\000o\000u\000n\000d}{}% 12
\BOOKMARK [1][-]{section.2.1}{\376\377\0002\000.\0001\000\040\000W\000h\000a\000t\000\040\000i\000s\000\040\000B\000i\000o\000g\000a\000s\000?}{chapter.2}% 13
\BOOKMARK [1][-]{section.2.2}{\376\377\0002\000.\0002\000\040\000B\000i\000o\000g\000a\000s\000\040\000U\000p\000g\000r\000a\000d\000i\000n\000g}{chapter.2}% 14
\BOOKMARK [2][-]{subsection.2.2.1}{\376\377\0002\000.\0002\000.\0001\000\040\000B\000i\000o\000g\000a\000s\000\040\000U\000p\000g\000r\000a\000d\000i\000n\000g\000\040\000T\000e\000c\000h\000n\000o\000l\000o\000g\000i\000e\000s}{section.2.2}% 15
\BOOKMARK [1][-]{section.2.3}{\376\377\0002\000.\0003\000\040\000C\000o\000n\000s\000i\000d\000e\000r\000e\000d\000\040\000B\000i\000o\000m\000e\000t\000h\000a\000n\000e\000\040\000P\000l\000a\000n\000t}{chapter.2}% 16
\BOOKMARK [2][-]{subsection.2.3.1}{\376\377\0002\000.\0003\000.\0001\000\040\000V\000P\000S\000A\000\040\000P\000r\000o\000c\000e\000s\000s}{section.2.3}% 17
\BOOKMARK [2][-]{subsection.2.3.2}{\376\377\0002\000.\0003\000.\0002\000\040\000V\000a\000c\000u\000u\000m\000\040\000P\000u\000m\000p}{section.2.3}% 18
\BOOKMARK [0][-]{chapter.3}{\376\377\0003\000\040\000S\000t\000a\000t\000e\000\040\000o\000f\000\040\000t\000h\000e\000\040\000A\000r\000t}{}% 19
\BOOKMARK [1][-]{section.3.1}{\376\377\0003\000.\0001\000\040\000W\000h\000a\000t\000\040\000i\000s\000\040\000a\000n\000\040\000A\000I\000\040\000S\000y\000s\000t\000e\000m\000?}{chapter.3}% 20
\BOOKMARK [1][-]{section.3.2}{\376\377\0003\000.\0002\000\040\000M\000a\000c\000h\000i\000n\000e\000\040\000L\000e\000a\000r\000n\000i\000n\000g}{chapter.3}% 21
\BOOKMARK [2][-]{subsection.3.2.1}{\376\377\0003\000.\0002\000.\0001\000\040\000M\000L\000\040\000P\000a\000r\000a\000d\000i\000g\000m\000s}{section.3.2}% 22
\BOOKMARK [2][-]{subsection.3.2.2}{\376\377\0003\000.\0002\000.\0002\000\040\000R\000e\000p\000r\000e\000s\000e\000n\000t\000a\000t\000i\000o\000n\000\040\000L\000e\000a\000r\000n\000i\000n\000g}{section.3.2}% 23
\BOOKMARK [2][-]{subsection.3.2.3}{\376\377\0003\000.\0002\000.\0003\000\040\000D\000e\000e\000p\000\040\000L\000e\000a\000r\000n\000i\000n\000g}{section.3.2}% 24
\BOOKMARK [2][-]{subsection.3.2.4}{\376\377\0003\000.\0002\000.\0004\000\040\000T\000r\000a\000i\000n\000i\000n\000g\000\040\000D\000e\000e\000p\000\040\000N\000e\000u\000r\000a\000l\000\040\000N\000e\000t\000w\000o\000r\000k\000s}{section.3.2}% 25
\BOOKMARK [2][-]{subsection.3.2.5}{\376\377\0003\000.\0002\000.\0005\000\040\000D\000e\000e\000p\000\040\000L\000e\000a\000r\000n\000i\000n\000g\000\040\000A\000r\000c\000h\000i\000t\000e\000c\000t\000u\000r\000e\000s}{section.3.2}% 26
\BOOKMARK [2][-]{subsection.3.2.6}{\376\377\0003\000.\0002\000.\0006\000\040\000L\000e\000a\000r\000n\000i\000n\000g\000\040\000S\000t\000r\000a\000t\000e\000g\000i\000e\000s}{section.3.2}% 27
\BOOKMARK [1][-]{section.3.3}{\376\377\0003\000.\0003\000\040\000I\000n\000d\000u\000s\000t\000r\000i\000a\000l\000\040\000M\000o\000n\000i\000t\000o\000r\000i\000n\000g\000\040\000a\000n\000d\000\040\000M\000a\000i\000n\000t\000e\000n\000a\000n\000c\000e}{chapter.3}% 28
\BOOKMARK [2][-]{subsection.3.3.1}{\376\377\0003\000.\0003\000.\0001\000\040\000A\000n\000o\000m\000a\000l\000y\000\040\000D\000e\000t\000e\000c\000t\000i\000o\000n}{section.3.3}% 29
\BOOKMARK [2][-]{subsection.3.3.2}{\376\377\0003\000.\0003\000.\0002\000\040\000F\000a\000u\000l\000t\000\040\000D\000e\000t\000e\000c\000t\000i\000o\000n}{section.3.3}% 30
\BOOKMARK [2][-]{subsection.3.3.3}{\376\377\0003\000.\0003\000.\0003\000\040\000P\000r\000e\000d\000i\000c\000t\000i\000v\000e\000\040\000M\000a\000i\000n\000t\000e\000n\000a\000n\000c\000e}{section.3.3}% 31
\BOOKMARK [2][-]{subsection.3.3.4}{\376\377\0003\000.\0003\000.\0004\000\040\000R\000e\000l\000a\000t\000i\000o\000n\000s\000h\000i\000p\000\040\000B\000e\000t\000w\000e\000e\000n\000\040\000A\000D\000,\000\040\000F\000D\000\040\000a\000n\000d\000\040\000P\000d\000M}{section.3.3}% 32
\BOOKMARK [1][-]{section.3.4}{\376\377\0003\000.\0004\000\040\000R\000e\000l\000a\000t\000e\000d\000\040\000W\000o\000r\000k}{chapter.3}% 33
\BOOKMARK [2][-]{subsection.3.4.1}{\376\377\0003\000.\0004\000.\0001\000\040\000D\000e\000e\000p\000\040\000L\000e\000a\000r\000n\000i\000n\000g\000\040\000f\000o\000r\000\040\000I\000n\000d\000u\000s\000t\000r\000i\000a\000l\000\040\000M\000o\000n\000i\000t\000o\000r\000i\000n\000g}{section.3.4}% 34
\BOOKMARK [2][-]{subsection.3.4.2}{\376\377\0003\000.\0004\000.\0002\000\040\000M\000u\000l\000t\000i\000-\000T\000a\000s\000k\000\040\000L\000e\000a\000r\000n\000i\000n\000g\000\040\000f\000o\000r\000\040\000I\000n\000d\000u\000s\000t\000r\000i\000a\000l\000\040\000M\000o\000n\000i\000t\000o\000r\000i\000n\000g}{section.3.4}% 35
\BOOKMARK [2][-]{subsection.3.4.3}{\376\377\0003\000.\0004\000.\0003\000\040\000R\000e\000s\000e\000a\000r\000c\000h\000\040\000G\000a\000p}{section.3.4}% 36
\BOOKMARK [0][-]{chapter.4}{\376\377\0004\000\040\000C\000o\000n\000c\000l\000u\000s\000i\000o\000n\000s\000\040\000a\000n\000d\000\040\000F\000u\000t\000u\000r\000e\000\040\000W\000o\000r\000k}{}% 37
\BOOKMARK [1][-]{section.4.1}{\376\377\0004\000.\0001\000\040\000R\000e\000s\000u\000l\000t\000s}{chapter.4}% 38
\BOOKMARK [1][-]{section.4.2}{\376\377\0004\000.\0002\000\040\000F\000u\000r\000t\000h\000e\000r\000\040\000W\000o\000r\000k}{chapter.4}% 39
\BOOKMARK [1][-]{section.4.3}{\376\377\0004\000.\0003\000\040\000I\000m\000p\000a\000c\000t\000\040\000o\000n\000\040\000S\000u\000s\000t\000a\000i\000n\000a\000b\000l\000e\000\040\000D\000e\000v\000e\000l\000o\000p\000m\000e\000n\000t\000\040\000G\000o\000a\000l\000s}{chapter.4}% 40
\BOOKMARK [0][-]{appendix.A}{\376\377\000A\000\040\000L\000o\000r\000e\000n\000\040\000I\000p\000s\000u\000m}{}% 41
\BOOKMARK [1][-]{section.A.1}{\376\377\000A\000.\0001\000\040\000W\000h\000a\000t\000\040\000i\000s\000\040\000L\000o\000r\000e\000n\000\040\000I\000p\000s\000u\000m\000?}{appendix.A}% 42
\BOOKMARK [1][-]{section.A.2}{\376\377\000A\000.\0002\000\040\000W\000h\000e\000r\000e\000\040\000d\000o\000e\000s\000\040\000L\000o\000r\000e\000n\000\040\000c\000o\000m\000e\000\040\000f\000r\000o\000m\000?}{appendix.A}% 43
\BOOKMARK [1][-]{section.A.3}{\376\377\000A\000.\0003\000\040\000W\000h\000y\000\040\000u\000s\000i\000n\000g\000\040\000L\000o\000r\000e\000n\000?}{appendix.A}% 44
\BOOKMARK [1][-]{section.A.4}{\376\377\000A\000.\0004\000\040\000W\000h\000e\000r\000e\000\040\000t\000o\000\040\000F\000i\000n\000d\000\040\000E\000x\000a\000m\000p\000l\000e\000s\000?}{appendix.A}% 45
\BOOKMARK [0][-]{appendix.B}{\376\377\000B\000\040\000T\000r\000a\000n\000s\000p\000a\000r\000e\000n\000c\000y\000\040\000o\000n\000\040\000t\000h\000e\000\040\000U\000s\000e\000\040\000o\000f\000\040\000A\000I}{}% 46
\BOOKMARK [0][-]{section*.34}{\376\377\000R\000e\000f\000e\000r\000e\000n\000c\000e\000s}{}% 47
